--------------------------------------------------------------------------------
Release 14.6 Trace  (nt64)
Copyright (c) 1995-2013 Xilinx, Inc.  All rights reserved.

C:\Xilinx\14.6\ISE_DS\ISE\bin\nt64\unwrapped\trce.exe -intstyle ise -v 3 -s 4
-n 3 -fastpaths -xml main.twx main.ncd -o main.twr main.pcf -ucf asd.ucf

Design file:              main.ncd
Physical constraint file: main.pcf
Device,package,speed:     xc3s1000,fg676,-4 (PRODUCTION 1.39 2013-06-08)
Report level:             verbose report

Environment Variable      Effect 
--------------------      ------ 
NONE                      No environment variables were set
--------------------------------------------------------------------------------

INFO:Timing:3412 - To improve timing, see the Timing Closure User Guide (UG612).
INFO:Timing:2752 - To get complete path coverage, use the unconstrained paths 
   option. All paths that are not constrained will be reported in the 
   unconstrained paths section(s) of the report.
INFO:Timing:3339 - The clock-to-out numbers in this timing report are based on 
   a 50 Ohm transmission line loading model.  For the details of this model, 
   and for more information on accounting for different loading conditions, 
   please see the device datasheet.
INFO:Timing:3390 - This architecture does not support a default System Jitter 
   value, please add SYSTEM_JITTER constraint to the UCF to modify the Clock 
   Uncertainty calculation.
INFO:Timing:3389 - This architecture does not support 'Discrete Jitter' and 
   'Phase Error' calculations, these terms will be zero in the Clock 
   Uncertainty calculation.  Please make appropriate modification to 
   SYSTEM_JITTER to account for the unsupported Discrete Jitter and Phase 
   Error.

================================================================================
Timing constraint: ts_clk = PERIOD TIMEGRP "clk" 1000000 ns HIGH 50%;
For more information, see Period Analysis in the Timing Closure User Guide (UG612).

 73532 paths analyzed, 1042 endpoints analyzed, 0 failing endpoints
 0 timing errors detected. (0 setup errors, 0 hold errors, 0 component switching limit errors)
 Minimum period is  10.001ns.
--------------------------------------------------------------------------------

Paths for end point dot2/cnt2_19 (SLICE_X75Y77.CIN), 759 paths
--------------------------------------------------------------------------------
Slack (setup path):     999989.999ns (requirement - (data path - clock path skew + uncertainty))
  Source:               dot2/cnt2_4 (FF)
  Destination:          dot2/cnt2_19 (FF)
  Requirement:          1000000.000ns
  Data Path Delay:      10.001ns (Levels of Logic = 18)
  Clock Path Skew:      0.000ns
  Source Clock:         clk_BUFGP rising at 0.000ns
  Destination Clock:    clk_BUFGP rising at 1000000.000ns
  Clock Uncertainty:    0.000ns

  Maximum Data Path: dot2/cnt2_4 to dot2/cnt2_19
    Location             Delay type         Delay(ns)  Physical Resource
                                                       Logical Resource(s)
    -------------------------------------------------  -------------------
    SLICE_X75Y70.XQ      Tcko                  0.720   dot2/cnt2<4>
                                                       dot2/cnt2_4
    SLICE_X74Y74.F1      net (fanout=3)        2.210   dot2/cnt2<4>
    SLICE_X74Y74.COUT    Topcyf                1.084   dot2/Mcompar_cnt2_cmp_ge0000_cy<5>
                                                       dot2/Mcompar_cnt2_cmp_ge0000_lut<4>
                                                       dot2/Mcompar_cnt2_cmp_ge0000_cy<4>
                                                       dot2/Mcompar_cnt2_cmp_ge0000_cy<5>
    SLICE_X74Y75.CIN     net (fanout=1)        0.000   dot2/Mcompar_cnt2_cmp_ge0000_cy<5>
    SLICE_X74Y75.COUT    Tbyp                  0.120   dot2/Mcompar_cnt2_cmp_ge0000_cy<7>
                                                       dot2/Mcompar_cnt2_cmp_ge0000_cy<6>
                                                       dot2/Mcompar_cnt2_cmp_ge0000_cy<7>
    SLICE_X74Y76.CIN     net (fanout=1)        0.000   dot2/Mcompar_cnt2_cmp_ge0000_cy<7>
    SLICE_X74Y76.COUT    Tbyp                  0.120   dot2/Mcompar_cnt2_cmp_ge0000_cy<9>
                                                       dot2/Mcompar_cnt2_cmp_ge0000_cy<8>
                                                       dot2/Mcompar_cnt2_cmp_ge0000_cy<9>
    SLICE_X74Y77.CIN     net (fanout=1)        0.000   dot2/Mcompar_cnt2_cmp_ge0000_cy<9>
    SLICE_X74Y77.COUT    Tbyp                  0.120   dot2/Mcompar_cnt2_cmp_ge0000_cy<11>
                                                       dot2/Mcompar_cnt2_cmp_ge0000_cy<10>
                                                       dot2/Mcompar_cnt2_cmp_ge0000_cy<11>
    SLICE_X74Y78.CIN     net (fanout=1)        0.000   dot2/Mcompar_cnt2_cmp_ge0000_cy<11>
    SLICE_X74Y78.COUT    Tbyp                  0.120   dot2/Mcompar_cnt2_cmp_ge0000_cy<13>
                                                       dot2/Mcompar_cnt2_cmp_ge0000_cy<12>
                                                       dot2/Mcompar_cnt2_cmp_ge0000_cy<13>
    SLICE_X74Y79.CIN     net (fanout=1)        0.000   dot2/Mcompar_cnt2_cmp_ge0000_cy<13>
    SLICE_X74Y79.COUT    Tbyp                  0.120   dot2/Mcompar_cnt2_cmp_ge0000_cy<15>
                                                       dot2/Mcompar_cnt2_cmp_ge0000_cy<14>
                                                       dot2/Mcompar_cnt2_cmp_ge0000_cy<15>
    SLICE_X74Y80.CIN     net (fanout=1)        0.000   dot2/Mcompar_cnt2_cmp_ge0000_cy<15>
    SLICE_X74Y80.COUT    Tbyp                  0.120   dot2/Mcompar_cnt2_cmp_ge0000_cy<17>
                                                       dot2/Mcompar_cnt2_cmp_ge0000_cy<16>
                                                       dot2/Mcompar_cnt2_cmp_ge0000_cy<17>
    SLICE_X74Y81.CIN     net (fanout=1)        0.000   dot2/Mcompar_cnt2_cmp_ge0000_cy<17>
    SLICE_X74Y81.COUT    Tbyp                  0.120   dot2/cnt2_cmp_ge0000
                                                       dot2/Mcompar_cnt2_cmp_ge0000_cy<18>
                                                       dot2/Mcompar_cnt2_cmp_ge0000_cy<19>
    SLICE_X75Y68.BX      net (fanout=21)       2.273   dot2/cnt2_cmp_ge0000
    SLICE_X75Y68.COUT    Tbxcy                 0.845   dot2/cnt2<0>
                                                       dot2/Mcount_cnt2_cy<0>
                                                       dot2/Mcount_cnt2_cy<1>
    SLICE_X75Y69.CIN     net (fanout=1)        0.000   dot2/Mcount_cnt2_cy<1>
    SLICE_X75Y69.COUT    Tbyp                  0.128   dot2/cnt2<2>
                                                       dot2/Mcount_cnt2_cy<2>
                                                       dot2/Mcount_cnt2_cy<3>
    SLICE_X75Y70.CIN     net (fanout=1)        0.000   dot2/Mcount_cnt2_cy<3>
    SLICE_X75Y70.COUT    Tbyp                  0.128   dot2/cnt2<4>
                                                       dot2/Mcount_cnt2_cy<4>
                                                       dot2/Mcount_cnt2_cy<5>
    SLICE_X75Y71.CIN     net (fanout=1)        0.000   dot2/Mcount_cnt2_cy<5>
    SLICE_X75Y71.COUT    Tbyp                  0.128   dot2/cnt2<6>
                                                       dot2/Mcount_cnt2_cy<6>
                                                       dot2/Mcount_cnt2_cy<7>
    SLICE_X75Y72.CIN     net (fanout=1)        0.000   dot2/Mcount_cnt2_cy<7>
    SLICE_X75Y72.COUT    Tbyp                  0.128   dot2/cnt2<8>
                                                       dot2/Mcount_cnt2_cy<8>
                                                       dot2/Mcount_cnt2_cy<9>
    SLICE_X75Y73.CIN     net (fanout=1)        0.000   dot2/Mcount_cnt2_cy<9>
    SLICE_X75Y73.COUT    Tbyp                  0.128   dot2/cnt2<10>
                                                       dot2/Mcount_cnt2_cy<10>
                                                       dot2/Mcount_cnt2_cy<11>
    SLICE_X75Y74.CIN     net (fanout=1)        0.000   dot2/Mcount_cnt2_cy<11>
    SLICE_X75Y74.COUT    Tbyp                  0.128   dot2/cnt2<12>
                                                       dot2/Mcount_cnt2_cy<12>
                                                       dot2/Mcount_cnt2_cy<13>
    SLICE_X75Y75.CIN     net (fanout=1)        0.000   dot2/Mcount_cnt2_cy<13>
    SLICE_X75Y75.COUT    Tbyp                  0.128   dot2/cnt2<14>
                                                       dot2/Mcount_cnt2_cy<14>
                                                       dot2/Mcount_cnt2_cy<15>
    SLICE_X75Y76.CIN     net (fanout=1)        0.000   dot2/Mcount_cnt2_cy<15>
    SLICE_X75Y76.COUT    Tbyp                  0.128   dot2/cnt2<16>
                                                       dot2/Mcount_cnt2_cy<16>
                                                       dot2/Mcount_cnt2_cy<17>
    SLICE_X75Y77.CIN     net (fanout=1)        0.000   dot2/Mcount_cnt2_cy<17>
    SLICE_X75Y77.CLK     Tcinck                1.005   dot2/cnt2<18>
                                                       dot2/Mcount_cnt2_cy<18>
                                                       dot2/Mcount_cnt2_xor<19>
                                                       dot2/cnt2_19
    -------------------------------------------------  ---------------------------
    Total                                     10.001ns (5.518ns logic, 4.483ns route)
                                                       (55.2% logic, 44.8% route)

--------------------------------------------------------------------------------
Slack (setup path):     999990.175ns (requirement - (data path - clock path skew + uncertainty))
  Source:               dot2/cnt2_4 (FF)
  Destination:          dot2/cnt2_19 (FF)
  Requirement:          1000000.000ns
  Data Path Delay:      9.825ns (Levels of Logic = 18)
  Clock Path Skew:      0.000ns
  Source Clock:         clk_BUFGP rising at 0.000ns
  Destination Clock:    clk_BUFGP rising at 1000000.000ns
  Clock Uncertainty:    0.000ns

  Maximum Data Path: dot2/cnt2_4 to dot2/cnt2_19
    Location             Delay type         Delay(ns)  Physical Resource
                                                       Logical Resource(s)
    -------------------------------------------------  -------------------
    SLICE_X75Y70.XQ      Tcko                  0.720   dot2/cnt2<4>
                                                       dot2/cnt2_4
    SLICE_X74Y74.F1      net (fanout=3)        2.210   dot2/cnt2<4>
    SLICE_X74Y74.COUT    Topcyf                0.908   dot2/Mcompar_cnt2_cmp_ge0000_cy<5>
                                                       dot2/Mcompar_cnt2_cmp_ge0000_cy<4>
                                                       dot2/Mcompar_cnt2_cmp_ge0000_cy<5>
    SLICE_X74Y75.CIN     net (fanout=1)        0.000   dot2/Mcompar_cnt2_cmp_ge0000_cy<5>
    SLICE_X74Y75.COUT    Tbyp                  0.120   dot2/Mcompar_cnt2_cmp_ge0000_cy<7>
                                                       dot2/Mcompar_cnt2_cmp_ge0000_cy<6>
                                                       dot2/Mcompar_cnt2_cmp_ge0000_cy<7>
    SLICE_X74Y76.CIN     net (fanout=1)        0.000   dot2/Mcompar_cnt2_cmp_ge0000_cy<7>
    SLICE_X74Y76.COUT    Tbyp                  0.120   dot2/Mcompar_cnt2_cmp_ge0000_cy<9>
                                                       dot2/Mcompar_cnt2_cmp_ge0000_cy<8>
                                                       dot2/Mcompar_cnt2_cmp_ge0000_cy<9>
    SLICE_X74Y77.CIN     net (fanout=1)        0.000   dot2/Mcompar_cnt2_cmp_ge0000_cy<9>
    SLICE_X74Y77.COUT    Tbyp                  0.120   dot2/Mcompar_cnt2_cmp_ge0000_cy<11>
                                                       dot2/Mcompar_cnt2_cmp_ge0000_cy<10>
                                                       dot2/Mcompar_cnt2_cmp_ge0000_cy<11>
    SLICE_X74Y78.CIN     net (fanout=1)        0.000   dot2/Mcompar_cnt2_cmp_ge0000_cy<11>
    SLICE_X74Y78.COUT    Tbyp                  0.120   dot2/Mcompar_cnt2_cmp_ge0000_cy<13>
                                                       dot2/Mcompar_cnt2_cmp_ge0000_cy<12>
                                                       dot2/Mcompar_cnt2_cmp_ge0000_cy<13>
    SLICE_X74Y79.CIN     net (fanout=1)        0.000   dot2/Mcompar_cnt2_cmp_ge0000_cy<13>
    SLICE_X74Y79.COUT    Tbyp                  0.120   dot2/Mcompar_cnt2_cmp_ge0000_cy<15>
                                                       dot2/Mcompar_cnt2_cmp_ge0000_cy<14>
                                                       dot2/Mcompar_cnt2_cmp_ge0000_cy<15>
    SLICE_X74Y80.CIN     net (fanout=1)        0.000   dot2/Mcompar_cnt2_cmp_ge0000_cy<15>
    SLICE_X74Y80.COUT    Tbyp                  0.120   dot2/Mcompar_cnt2_cmp_ge0000_cy<17>
                                                       dot2/Mcompar_cnt2_cmp_ge0000_cy<16>
                                                       dot2/Mcompar_cnt2_cmp_ge0000_cy<17>
    SLICE_X74Y81.CIN     net (fanout=1)        0.000   dot2/Mcompar_cnt2_cmp_ge0000_cy<17>
    SLICE_X74Y81.COUT    Tbyp                  0.120   dot2/cnt2_cmp_ge0000
                                                       dot2/Mcompar_cnt2_cmp_ge0000_cy<18>
                                                       dot2/Mcompar_cnt2_cmp_ge0000_cy<19>
    SLICE_X75Y68.BX      net (fanout=21)       2.273   dot2/cnt2_cmp_ge0000
    SLICE_X75Y68.COUT    Tbxcy                 0.845   dot2/cnt2<0>
                                                       dot2/Mcount_cnt2_cy<0>
                                                       dot2/Mcount_cnt2_cy<1>
    SLICE_X75Y69.CIN     net (fanout=1)        0.000   dot2/Mcount_cnt2_cy<1>
    SLICE_X75Y69.COUT    Tbyp                  0.128   dot2/cnt2<2>
                                                       dot2/Mcount_cnt2_cy<2>
                                                       dot2/Mcount_cnt2_cy<3>
    SLICE_X75Y70.CIN     net (fanout=1)        0.000   dot2/Mcount_cnt2_cy<3>
    SLICE_X75Y70.COUT    Tbyp                  0.128   dot2/cnt2<4>
                                                       dot2/Mcount_cnt2_cy<4>
                                                       dot2/Mcount_cnt2_cy<5>
    SLICE_X75Y71.CIN     net (fanout=1)        0.000   dot2/Mcount_cnt2_cy<5>
    SLICE_X75Y71.COUT    Tbyp                  0.128   dot2/cnt2<6>
                                                       dot2/Mcount_cnt2_cy<6>
                                                       dot2/Mcount_cnt2_cy<7>
    SLICE_X75Y72.CIN     net (fanout=1)        0.000   dot2/Mcount_cnt2_cy<7>
    SLICE_X75Y72.COUT    Tbyp                  0.128   dot2/cnt2<8>
                                                       dot2/Mcount_cnt2_cy<8>
                                                       dot2/Mcount_cnt2_cy<9>
    SLICE_X75Y73.CIN     net (fanout=1)        0.000   dot2/Mcount_cnt2_cy<9>
    SLICE_X75Y73.COUT    Tbyp                  0.128   dot2/cnt2<10>
                                                       dot2/Mcount_cnt2_cy<10>
                                                       dot2/Mcount_cnt2_cy<11>
    SLICE_X75Y74.CIN     net (fanout=1)        0.000   dot2/Mcount_cnt2_cy<11>
    SLICE_X75Y74.COUT    Tbyp                  0.128   dot2/cnt2<12>
                                                       dot2/Mcount_cnt2_cy<12>
                                                       dot2/Mcount_cnt2_cy<13>
    SLICE_X75Y75.CIN     net (fanout=1)        0.000   dot2/Mcount_cnt2_cy<13>
    SLICE_X75Y75.COUT    Tbyp                  0.128   dot2/cnt2<14>
                                                       dot2/Mcount_cnt2_cy<14>
                                                       dot2/Mcount_cnt2_cy<15>
    SLICE_X75Y76.CIN     net (fanout=1)        0.000   dot2/Mcount_cnt2_cy<15>
    SLICE_X75Y76.COUT    Tbyp                  0.128   dot2/cnt2<16>
                                                       dot2/Mcount_cnt2_cy<16>
                                                       dot2/Mcount_cnt2_cy<17>
    SLICE_X75Y77.CIN     net (fanout=1)        0.000   dot2/Mcount_cnt2_cy<17>
    SLICE_X75Y77.CLK     Tcinck                1.005   dot2/cnt2<18>
                                                       dot2/Mcount_cnt2_cy<18>
                                                       dot2/Mcount_cnt2_xor<19>
                                                       dot2/cnt2_19
    -------------------------------------------------  ---------------------------
    Total                                      9.825ns (5.342ns logic, 4.483ns route)
                                                       (54.4% logic, 45.6% route)

--------------------------------------------------------------------------------
Slack (setup path):     999990.290ns (requirement - (data path - clock path skew + uncertainty))
  Source:               dot2/cnt2_4 (FF)
  Destination:          dot2/cnt2_19 (FF)
  Requirement:          1000000.000ns
  Data Path Delay:      9.710ns (Levels of Logic = 18)
  Clock Path Skew:      0.000ns
  Source Clock:         clk_BUFGP rising at 0.000ns
  Destination Clock:    clk_BUFGP rising at 1000000.000ns
  Clock Uncertainty:    0.000ns

  Maximum Data Path: dot2/cnt2_4 to dot2/cnt2_19
    Location             Delay type         Delay(ns)  Physical Resource
                                                       Logical Resource(s)
    -------------------------------------------------  -------------------
    SLICE_X75Y70.XQ      Tcko                  0.720   dot2/cnt2<4>
                                                       dot2/cnt2_4
    SLICE_X74Y74.F1      net (fanout=3)        2.210   dot2/cnt2<4>
    SLICE_X74Y74.COUT    Topcyf                1.084   dot2/Mcompar_cnt2_cmp_ge0000_cy<5>
                                                       dot2/Mcompar_cnt2_cmp_ge0000_lut<4>
                                                       dot2/Mcompar_cnt2_cmp_ge0000_cy<4>
                                                       dot2/Mcompar_cnt2_cmp_ge0000_cy<5>
    SLICE_X74Y75.CIN     net (fanout=1)        0.000   dot2/Mcompar_cnt2_cmp_ge0000_cy<5>
    SLICE_X74Y75.COUT    Tbyp                  0.120   dot2/Mcompar_cnt2_cmp_ge0000_cy<7>
                                                       dot2/Mcompar_cnt2_cmp_ge0000_cy<6>
                                                       dot2/Mcompar_cnt2_cmp_ge0000_cy<7>
    SLICE_X74Y76.CIN     net (fanout=1)        0.000   dot2/Mcompar_cnt2_cmp_ge0000_cy<7>
    SLICE_X74Y76.COUT    Tbyp                  0.120   dot2/Mcompar_cnt2_cmp_ge0000_cy<9>
                                                       dot2/Mcompar_cnt2_cmp_ge0000_cy<8>
                                                       dot2/Mcompar_cnt2_cmp_ge0000_cy<9>
    SLICE_X74Y77.CIN     net (fanout=1)        0.000   dot2/Mcompar_cnt2_cmp_ge0000_cy<9>
    SLICE_X74Y77.COUT    Tbyp                  0.120   dot2/Mcompar_cnt2_cmp_ge0000_cy<11>
                                                       dot2/Mcompar_cnt2_cmp_ge0000_cy<10>
                                                       dot2/Mcompar_cnt2_cmp_ge0000_cy<11>
    SLICE_X74Y78.CIN     net (fanout=1)        0.000   dot2/Mcompar_cnt2_cmp_ge0000_cy<11>
    SLICE_X74Y78.COUT    Tbyp                  0.120   dot2/Mcompar_cnt2_cmp_ge0000_cy<13>
                                                       dot2/Mcompar_cnt2_cmp_ge0000_cy<12>
                                                       dot2/Mcompar_cnt2_cmp_ge0000_cy<13>
    SLICE_X74Y79.CIN     net (fanout=1)        0.000   dot2/Mcompar_cnt2_cmp_ge0000_cy<13>
    SLICE_X74Y79.COUT    Tbyp                  0.120   dot2/Mcompar_cnt2_cmp_ge0000_cy<15>
                                                       dot2/Mcompar_cnt2_cmp_ge0000_cy<14>
                                                       dot2/Mcompar_cnt2_cmp_ge0000_cy<15>
    SLICE_X74Y80.CIN     net (fanout=1)        0.000   dot2/Mcompar_cnt2_cmp_ge0000_cy<15>
    SLICE_X74Y80.COUT    Tbyp                  0.120   dot2/Mcompar_cnt2_cmp_ge0000_cy<17>
                                                       dot2/Mcompar_cnt2_cmp_ge0000_cy<16>
                                                       dot2/Mcompar_cnt2_cmp_ge0000_cy<17>
    SLICE_X74Y81.CIN     net (fanout=1)        0.000   dot2/Mcompar_cnt2_cmp_ge0000_cy<17>
    SLICE_X74Y81.COUT    Tbyp                  0.120   dot2/cnt2_cmp_ge0000
                                                       dot2/Mcompar_cnt2_cmp_ge0000_cy<18>
                                                       dot2/Mcompar_cnt2_cmp_ge0000_cy<19>
    SLICE_X75Y68.G2      net (fanout=21)       1.788   dot2/cnt2_cmp_ge0000
    SLICE_X75Y68.COUT    Topcyg                1.039   dot2/cnt2<0>
                                                       dot2/Mcount_cnt2_lut<1>
                                                       dot2/Mcount_cnt2_cy<1>
    SLICE_X75Y69.CIN     net (fanout=1)        0.000   dot2/Mcount_cnt2_cy<1>
    SLICE_X75Y69.COUT    Tbyp                  0.128   dot2/cnt2<2>
                                                       dot2/Mcount_cnt2_cy<2>
                                                       dot2/Mcount_cnt2_cy<3>
    SLICE_X75Y70.CIN     net (fanout=1)        0.000   dot2/Mcount_cnt2_cy<3>
    SLICE_X75Y70.COUT    Tbyp                  0.128   dot2/cnt2<4>
                                                       dot2/Mcount_cnt2_cy<4>
                                                       dot2/Mcount_cnt2_cy<5>
    SLICE_X75Y71.CIN     net (fanout=1)        0.000   dot2/Mcount_cnt2_cy<5>
    SLICE_X75Y71.COUT    Tbyp                  0.128   dot2/cnt2<6>
                                                       dot2/Mcount_cnt2_cy<6>
                                                       dot2/Mcount_cnt2_cy<7>
    SLICE_X75Y72.CIN     net (fanout=1)        0.000   dot2/Mcount_cnt2_cy<7>
    SLICE_X75Y72.COUT    Tbyp                  0.128   dot2/cnt2<8>
                                                       dot2/Mcount_cnt2_cy<8>
                                                       dot2/Mcount_cnt2_cy<9>
    SLICE_X75Y73.CIN     net (fanout=1)        0.000   dot2/Mcount_cnt2_cy<9>
    SLICE_X75Y73.COUT    Tbyp                  0.128   dot2/cnt2<10>
                                                       dot2/Mcount_cnt2_cy<10>
                                                       dot2/Mcount_cnt2_cy<11>
    SLICE_X75Y74.CIN     net (fanout=1)        0.000   dot2/Mcount_cnt2_cy<11>
    SLICE_X75Y74.COUT    Tbyp                  0.128   dot2/cnt2<12>
                                                       dot2/Mcount_cnt2_cy<12>
                                                       dot2/Mcount_cnt2_cy<13>
    SLICE_X75Y75.CIN     net (fanout=1)        0.000   dot2/Mcount_cnt2_cy<13>
    SLICE_X75Y75.COUT    Tbyp                  0.128   dot2/cnt2<14>
                                                       dot2/Mcount_cnt2_cy<14>
                                                       dot2/Mcount_cnt2_cy<15>
    SLICE_X75Y76.CIN     net (fanout=1)        0.000   dot2/Mcount_cnt2_cy<15>
    SLICE_X75Y76.COUT    Tbyp                  0.128   dot2/cnt2<16>
                                                       dot2/Mcount_cnt2_cy<16>
                                                       dot2/Mcount_cnt2_cy<17>
    SLICE_X75Y77.CIN     net (fanout=1)        0.000   dot2/Mcount_cnt2_cy<17>
    SLICE_X75Y77.CLK     Tcinck                1.005   dot2/cnt2<18>
                                                       dot2/Mcount_cnt2_cy<18>
                                                       dot2/Mcount_cnt2_xor<19>
                                                       dot2/cnt2_19
    -------------------------------------------------  ---------------------------
    Total                                      9.710ns (5.712ns logic, 3.998ns route)
                                                       (58.8% logic, 41.2% route)

--------------------------------------------------------------------------------

Paths for end point dot2/cnt2_18 (SLICE_X75Y77.CIN), 759 paths
--------------------------------------------------------------------------------
Slack (setup path):     999990.018ns (requirement - (data path - clock path skew + uncertainty))
  Source:               dot2/cnt2_4 (FF)
  Destination:          dot2/cnt2_18 (FF)
  Requirement:          1000000.000ns
  Data Path Delay:      9.982ns (Levels of Logic = 18)
  Clock Path Skew:      0.000ns
  Source Clock:         clk_BUFGP rising at 0.000ns
  Destination Clock:    clk_BUFGP rising at 1000000.000ns
  Clock Uncertainty:    0.000ns

  Maximum Data Path: dot2/cnt2_4 to dot2/cnt2_18
    Location             Delay type         Delay(ns)  Physical Resource
                                                       Logical Resource(s)
    -------------------------------------------------  -------------------
    SLICE_X75Y70.XQ      Tcko                  0.720   dot2/cnt2<4>
                                                       dot2/cnt2_4
    SLICE_X74Y74.F1      net (fanout=3)        2.210   dot2/cnt2<4>
    SLICE_X74Y74.COUT    Topcyf                1.084   dot2/Mcompar_cnt2_cmp_ge0000_cy<5>
                                                       dot2/Mcompar_cnt2_cmp_ge0000_lut<4>
                                                       dot2/Mcompar_cnt2_cmp_ge0000_cy<4>
                                                       dot2/Mcompar_cnt2_cmp_ge0000_cy<5>
    SLICE_X74Y75.CIN     net (fanout=1)        0.000   dot2/Mcompar_cnt2_cmp_ge0000_cy<5>
    SLICE_X74Y75.COUT    Tbyp                  0.120   dot2/Mcompar_cnt2_cmp_ge0000_cy<7>
                                                       dot2/Mcompar_cnt2_cmp_ge0000_cy<6>
                                                       dot2/Mcompar_cnt2_cmp_ge0000_cy<7>
    SLICE_X74Y76.CIN     net (fanout=1)        0.000   dot2/Mcompar_cnt2_cmp_ge0000_cy<7>
    SLICE_X74Y76.COUT    Tbyp                  0.120   dot2/Mcompar_cnt2_cmp_ge0000_cy<9>
                                                       dot2/Mcompar_cnt2_cmp_ge0000_cy<8>
                                                       dot2/Mcompar_cnt2_cmp_ge0000_cy<9>
    SLICE_X74Y77.CIN     net (fanout=1)        0.000   dot2/Mcompar_cnt2_cmp_ge0000_cy<9>
    SLICE_X74Y77.COUT    Tbyp                  0.120   dot2/Mcompar_cnt2_cmp_ge0000_cy<11>
                                                       dot2/Mcompar_cnt2_cmp_ge0000_cy<10>
                                                       dot2/Mcompar_cnt2_cmp_ge0000_cy<11>
    SLICE_X74Y78.CIN     net (fanout=1)        0.000   dot2/Mcompar_cnt2_cmp_ge0000_cy<11>
    SLICE_X74Y78.COUT    Tbyp                  0.120   dot2/Mcompar_cnt2_cmp_ge0000_cy<13>
                                                       dot2/Mcompar_cnt2_cmp_ge0000_cy<12>
                                                       dot2/Mcompar_cnt2_cmp_ge0000_cy<13>
    SLICE_X74Y79.CIN     net (fanout=1)        0.000   dot2/Mcompar_cnt2_cmp_ge0000_cy<13>
    SLICE_X74Y79.COUT    Tbyp                  0.120   dot2/Mcompar_cnt2_cmp_ge0000_cy<15>
                                                       dot2/Mcompar_cnt2_cmp_ge0000_cy<14>
                                                       dot2/Mcompar_cnt2_cmp_ge0000_cy<15>
    SLICE_X74Y80.CIN     net (fanout=1)        0.000   dot2/Mcompar_cnt2_cmp_ge0000_cy<15>
    SLICE_X74Y80.COUT    Tbyp                  0.120   dot2/Mcompar_cnt2_cmp_ge0000_cy<17>
                                                       dot2/Mcompar_cnt2_cmp_ge0000_cy<16>
                                                       dot2/Mcompar_cnt2_cmp_ge0000_cy<17>
    SLICE_X74Y81.CIN     net (fanout=1)        0.000   dot2/Mcompar_cnt2_cmp_ge0000_cy<17>
    SLICE_X74Y81.COUT    Tbyp                  0.120   dot2/cnt2_cmp_ge0000
                                                       dot2/Mcompar_cnt2_cmp_ge0000_cy<18>
                                                       dot2/Mcompar_cnt2_cmp_ge0000_cy<19>
    SLICE_X75Y68.BX      net (fanout=21)       2.273   dot2/cnt2_cmp_ge0000
    SLICE_X75Y68.COUT    Tbxcy                 0.845   dot2/cnt2<0>
                                                       dot2/Mcount_cnt2_cy<0>
                                                       dot2/Mcount_cnt2_cy<1>
    SLICE_X75Y69.CIN     net (fanout=1)        0.000   dot2/Mcount_cnt2_cy<1>
    SLICE_X75Y69.COUT    Tbyp                  0.128   dot2/cnt2<2>
                                                       dot2/Mcount_cnt2_cy<2>
                                                       dot2/Mcount_cnt2_cy<3>
    SLICE_X75Y70.CIN     net (fanout=1)        0.000   dot2/Mcount_cnt2_cy<3>
    SLICE_X75Y70.COUT    Tbyp                  0.128   dot2/cnt2<4>
                                                       dot2/Mcount_cnt2_cy<4>
                                                       dot2/Mcount_cnt2_cy<5>
    SLICE_X75Y71.CIN     net (fanout=1)        0.000   dot2/Mcount_cnt2_cy<5>
    SLICE_X75Y71.COUT    Tbyp                  0.128   dot2/cnt2<6>
                                                       dot2/Mcount_cnt2_cy<6>
                                                       dot2/Mcount_cnt2_cy<7>
    SLICE_X75Y72.CIN     net (fanout=1)        0.000   dot2/Mcount_cnt2_cy<7>
    SLICE_X75Y72.COUT    Tbyp                  0.128   dot2/cnt2<8>
                                                       dot2/Mcount_cnt2_cy<8>
                                                       dot2/Mcount_cnt2_cy<9>
    SLICE_X75Y73.CIN     net (fanout=1)        0.000   dot2/Mcount_cnt2_cy<9>
    SLICE_X75Y73.COUT    Tbyp                  0.128   dot2/cnt2<10>
                                                       dot2/Mcount_cnt2_cy<10>
                                                       dot2/Mcount_cnt2_cy<11>
    SLICE_X75Y74.CIN     net (fanout=1)        0.000   dot2/Mcount_cnt2_cy<11>
    SLICE_X75Y74.COUT    Tbyp                  0.128   dot2/cnt2<12>
                                                       dot2/Mcount_cnt2_cy<12>
                                                       dot2/Mcount_cnt2_cy<13>
    SLICE_X75Y75.CIN     net (fanout=1)        0.000   dot2/Mcount_cnt2_cy<13>
    SLICE_X75Y75.COUT    Tbyp                  0.128   dot2/cnt2<14>
                                                       dot2/Mcount_cnt2_cy<14>
                                                       dot2/Mcount_cnt2_cy<15>
    SLICE_X75Y76.CIN     net (fanout=1)        0.000   dot2/Mcount_cnt2_cy<15>
    SLICE_X75Y76.COUT    Tbyp                  0.128   dot2/cnt2<16>
                                                       dot2/Mcount_cnt2_cy<16>
                                                       dot2/Mcount_cnt2_cy<17>
    SLICE_X75Y77.CIN     net (fanout=1)        0.000   dot2/Mcount_cnt2_cy<17>
    SLICE_X75Y77.CLK     Tcinck                0.986   dot2/cnt2<18>
                                                       dot2/Mcount_cnt2_xor<18>
                                                       dot2/cnt2_18
    -------------------------------------------------  ---------------------------
    Total                                      9.982ns (5.499ns logic, 4.483ns route)
                                                       (55.1% logic, 44.9% route)

--------------------------------------------------------------------------------
Slack (setup path):     999990.194ns (requirement - (data path - clock path skew + uncertainty))
  Source:               dot2/cnt2_4 (FF)
  Destination:          dot2/cnt2_18 (FF)
  Requirement:          1000000.000ns
  Data Path Delay:      9.806ns (Levels of Logic = 18)
  Clock Path Skew:      0.000ns
  Source Clock:         clk_BUFGP rising at 0.000ns
  Destination Clock:    clk_BUFGP rising at 1000000.000ns
  Clock Uncertainty:    0.000ns

  Maximum Data Path: dot2/cnt2_4 to dot2/cnt2_18
    Location             Delay type         Delay(ns)  Physical Resource
                                                       Logical Resource(s)
    -------------------------------------------------  -------------------
    SLICE_X75Y70.XQ      Tcko                  0.720   dot2/cnt2<4>
                                                       dot2/cnt2_4
    SLICE_X74Y74.F1      net (fanout=3)        2.210   dot2/cnt2<4>
    SLICE_X74Y74.COUT    Topcyf                0.908   dot2/Mcompar_cnt2_cmp_ge0000_cy<5>
                                                       dot2/Mcompar_cnt2_cmp_ge0000_cy<4>
                                                       dot2/Mcompar_cnt2_cmp_ge0000_cy<5>
    SLICE_X74Y75.CIN     net (fanout=1)        0.000   dot2/Mcompar_cnt2_cmp_ge0000_cy<5>
    SLICE_X74Y75.COUT    Tbyp                  0.120   dot2/Mcompar_cnt2_cmp_ge0000_cy<7>
                                                       dot2/Mcompar_cnt2_cmp_ge0000_cy<6>
                                                       dot2/Mcompar_cnt2_cmp_ge0000_cy<7>
    SLICE_X74Y76.CIN     net (fanout=1)        0.000   dot2/Mcompar_cnt2_cmp_ge0000_cy<7>
    SLICE_X74Y76.COUT    Tbyp                  0.120   dot2/Mcompar_cnt2_cmp_ge0000_cy<9>
                                                       dot2/Mcompar_cnt2_cmp_ge0000_cy<8>
                                                       dot2/Mcompar_cnt2_cmp_ge0000_cy<9>
    SLICE_X74Y77.CIN     net (fanout=1)        0.000   dot2/Mcompar_cnt2_cmp_ge0000_cy<9>
    SLICE_X74Y77.COUT    Tbyp                  0.120   dot2/Mcompar_cnt2_cmp_ge0000_cy<11>
                                                       dot2/Mcompar_cnt2_cmp_ge0000_cy<10>
                                                       dot2/Mcompar_cnt2_cmp_ge0000_cy<11>
    SLICE_X74Y78.CIN     net (fanout=1)        0.000   dot2/Mcompar_cnt2_cmp_ge0000_cy<11>
    SLICE_X74Y78.COUT    Tbyp                  0.120   dot2/Mcompar_cnt2_cmp_ge0000_cy<13>
                                                       dot2/Mcompar_cnt2_cmp_ge0000_cy<12>
                                                       dot2/Mcompar_cnt2_cmp_ge0000_cy<13>
    SLICE_X74Y79.CIN     net (fanout=1)        0.000   dot2/Mcompar_cnt2_cmp_ge0000_cy<13>
    SLICE_X74Y79.COUT    Tbyp                  0.120   dot2/Mcompar_cnt2_cmp_ge0000_cy<15>
                                                       dot2/Mcompar_cnt2_cmp_ge0000_cy<14>
                                                       dot2/Mcompar_cnt2_cmp_ge0000_cy<15>
    SLICE_X74Y80.CIN     net (fanout=1)        0.000   dot2/Mcompar_cnt2_cmp_ge0000_cy<15>
    SLICE_X74Y80.COUT    Tbyp                  0.120   dot2/Mcompar_cnt2_cmp_ge0000_cy<17>
                                                       dot2/Mcompar_cnt2_cmp_ge0000_cy<16>
                                                       dot2/Mcompar_cnt2_cmp_ge0000_cy<17>
    SLICE_X74Y81.CIN     net (fanout=1)        0.000   dot2/Mcompar_cnt2_cmp_ge0000_cy<17>
    SLICE_X74Y81.COUT    Tbyp                  0.120   dot2/cnt2_cmp_ge0000
                                                       dot2/Mcompar_cnt2_cmp_ge0000_cy<18>
                                                       dot2/Mcompar_cnt2_cmp_ge0000_cy<19>
    SLICE_X75Y68.BX      net (fanout=21)       2.273   dot2/cnt2_cmp_ge0000
    SLICE_X75Y68.COUT    Tbxcy                 0.845   dot2/cnt2<0>
                                                       dot2/Mcount_cnt2_cy<0>
                                                       dot2/Mcount_cnt2_cy<1>
    SLICE_X75Y69.CIN     net (fanout=1)        0.000   dot2/Mcount_cnt2_cy<1>
    SLICE_X75Y69.COUT    Tbyp                  0.128   dot2/cnt2<2>
                                                       dot2/Mcount_cnt2_cy<2>
                                                       dot2/Mcount_cnt2_cy<3>
    SLICE_X75Y70.CIN     net (fanout=1)        0.000   dot2/Mcount_cnt2_cy<3>
    SLICE_X75Y70.COUT    Tbyp                  0.128   dot2/cnt2<4>
                                                       dot2/Mcount_cnt2_cy<4>
                                                       dot2/Mcount_cnt2_cy<5>
    SLICE_X75Y71.CIN     net (fanout=1)        0.000   dot2/Mcount_cnt2_cy<5>
    SLICE_X75Y71.COUT    Tbyp                  0.128   dot2/cnt2<6>
                                                       dot2/Mcount_cnt2_cy<6>
                                                       dot2/Mcount_cnt2_cy<7>
    SLICE_X75Y72.CIN     net (fanout=1)        0.000   dot2/Mcount_cnt2_cy<7>
    SLICE_X75Y72.COUT    Tbyp                  0.128   dot2/cnt2<8>
                                                       dot2/Mcount_cnt2_cy<8>
                                                       dot2/Mcount_cnt2_cy<9>
    SLICE_X75Y73.CIN     net (fanout=1)        0.000   dot2/Mcount_cnt2_cy<9>
    SLICE_X75Y73.COUT    Tbyp                  0.128   dot2/cnt2<10>
                                                       dot2/Mcount_cnt2_cy<10>
                                                       dot2/Mcount_cnt2_cy<11>
    SLICE_X75Y74.CIN     net (fanout=1)        0.000   dot2/Mcount_cnt2_cy<11>
    SLICE_X75Y74.COUT    Tbyp                  0.128   dot2/cnt2<12>
                                                       dot2/Mcount_cnt2_cy<12>
                                                       dot2/Mcount_cnt2_cy<13>
    SLICE_X75Y75.CIN     net (fanout=1)        0.000   dot2/Mcount_cnt2_cy<13>
    SLICE_X75Y75.COUT    Tbyp                  0.128   dot2/cnt2<14>
                                                       dot2/Mcount_cnt2_cy<14>
                                                       dot2/Mcount_cnt2_cy<15>
    SLICE_X75Y76.CIN     net (fanout=1)        0.000   dot2/Mcount_cnt2_cy<15>
    SLICE_X75Y76.COUT    Tbyp                  0.128   dot2/cnt2<16>
                                                       dot2/Mcount_cnt2_cy<16>
                                                       dot2/Mcount_cnt2_cy<17>
    SLICE_X75Y77.CIN     net (fanout=1)        0.000   dot2/Mcount_cnt2_cy<17>
    SLICE_X75Y77.CLK     Tcinck                0.986   dot2/cnt2<18>
                                                       dot2/Mcount_cnt2_xor<18>
                                                       dot2/cnt2_18
    -------------------------------------------------  ---------------------------
    Total                                      9.806ns (5.323ns logic, 4.483ns route)
                                                       (54.3% logic, 45.7% route)

--------------------------------------------------------------------------------
Slack (setup path):     999990.309ns (requirement - (data path - clock path skew + uncertainty))
  Source:               dot2/cnt2_4 (FF)
  Destination:          dot2/cnt2_18 (FF)
  Requirement:          1000000.000ns
  Data Path Delay:      9.691ns (Levels of Logic = 18)
  Clock Path Skew:      0.000ns
  Source Clock:         clk_BUFGP rising at 0.000ns
  Destination Clock:    clk_BUFGP rising at 1000000.000ns
  Clock Uncertainty:    0.000ns

  Maximum Data Path: dot2/cnt2_4 to dot2/cnt2_18
    Location             Delay type         Delay(ns)  Physical Resource
                                                       Logical Resource(s)
    -------------------------------------------------  -------------------
    SLICE_X75Y70.XQ      Tcko                  0.720   dot2/cnt2<4>
                                                       dot2/cnt2_4
    SLICE_X74Y74.F1      net (fanout=3)        2.210   dot2/cnt2<4>
    SLICE_X74Y74.COUT    Topcyf                1.084   dot2/Mcompar_cnt2_cmp_ge0000_cy<5>
                                                       dot2/Mcompar_cnt2_cmp_ge0000_lut<4>
                                                       dot2/Mcompar_cnt2_cmp_ge0000_cy<4>
                                                       dot2/Mcompar_cnt2_cmp_ge0000_cy<5>
    SLICE_X74Y75.CIN     net (fanout=1)        0.000   dot2/Mcompar_cnt2_cmp_ge0000_cy<5>
    SLICE_X74Y75.COUT    Tbyp                  0.120   dot2/Mcompar_cnt2_cmp_ge0000_cy<7>
                                                       dot2/Mcompar_cnt2_cmp_ge0000_cy<6>
                                                       dot2/Mcompar_cnt2_cmp_ge0000_cy<7>
    SLICE_X74Y76.CIN     net (fanout=1)        0.000   dot2/Mcompar_cnt2_cmp_ge0000_cy<7>
    SLICE_X74Y76.COUT    Tbyp                  0.120   dot2/Mcompar_cnt2_cmp_ge0000_cy<9>
                                                       dot2/Mcompar_cnt2_cmp_ge0000_cy<8>
                                                       dot2/Mcompar_cnt2_cmp_ge0000_cy<9>
    SLICE_X74Y77.CIN     net (fanout=1)        0.000   dot2/Mcompar_cnt2_cmp_ge0000_cy<9>
    SLICE_X74Y77.COUT    Tbyp                  0.120   dot2/Mcompar_cnt2_cmp_ge0000_cy<11>
                                                       dot2/Mcompar_cnt2_cmp_ge0000_cy<10>
                                                       dot2/Mcompar_cnt2_cmp_ge0000_cy<11>
    SLICE_X74Y78.CIN     net (fanout=1)        0.000   dot2/Mcompar_cnt2_cmp_ge0000_cy<11>
    SLICE_X74Y78.COUT    Tbyp                  0.120   dot2/Mcompar_cnt2_cmp_ge0000_cy<13>
                                                       dot2/Mcompar_cnt2_cmp_ge0000_cy<12>
                                                       dot2/Mcompar_cnt2_cmp_ge0000_cy<13>
    SLICE_X74Y79.CIN     net (fanout=1)        0.000   dot2/Mcompar_cnt2_cmp_ge0000_cy<13>
    SLICE_X74Y79.COUT    Tbyp                  0.120   dot2/Mcompar_cnt2_cmp_ge0000_cy<15>
                                                       dot2/Mcompar_cnt2_cmp_ge0000_cy<14>
                                                       dot2/Mcompar_cnt2_cmp_ge0000_cy<15>
    SLICE_X74Y80.CIN     net (fanout=1)        0.000   dot2/Mcompar_cnt2_cmp_ge0000_cy<15>
    SLICE_X74Y80.COUT    Tbyp                  0.120   dot2/Mcompar_cnt2_cmp_ge0000_cy<17>
                                                       dot2/Mcompar_cnt2_cmp_ge0000_cy<16>
                                                       dot2/Mcompar_cnt2_cmp_ge0000_cy<17>
    SLICE_X74Y81.CIN     net (fanout=1)        0.000   dot2/Mcompar_cnt2_cmp_ge0000_cy<17>
    SLICE_X74Y81.COUT    Tbyp                  0.120   dot2/cnt2_cmp_ge0000
                                                       dot2/Mcompar_cnt2_cmp_ge0000_cy<18>
                                                       dot2/Mcompar_cnt2_cmp_ge0000_cy<19>
    SLICE_X75Y68.G2      net (fanout=21)       1.788   dot2/cnt2_cmp_ge0000
    SLICE_X75Y68.COUT    Topcyg                1.039   dot2/cnt2<0>
                                                       dot2/Mcount_cnt2_lut<1>
                                                       dot2/Mcount_cnt2_cy<1>
    SLICE_X75Y69.CIN     net (fanout=1)        0.000   dot2/Mcount_cnt2_cy<1>
    SLICE_X75Y69.COUT    Tbyp                  0.128   dot2/cnt2<2>
                                                       dot2/Mcount_cnt2_cy<2>
                                                       dot2/Mcount_cnt2_cy<3>
    SLICE_X75Y70.CIN     net (fanout=1)        0.000   dot2/Mcount_cnt2_cy<3>
    SLICE_X75Y70.COUT    Tbyp                  0.128   dot2/cnt2<4>
                                                       dot2/Mcount_cnt2_cy<4>
                                                       dot2/Mcount_cnt2_cy<5>
    SLICE_X75Y71.CIN     net (fanout=1)        0.000   dot2/Mcount_cnt2_cy<5>
    SLICE_X75Y71.COUT    Tbyp                  0.128   dot2/cnt2<6>
                                                       dot2/Mcount_cnt2_cy<6>
                                                       dot2/Mcount_cnt2_cy<7>
    SLICE_X75Y72.CIN     net (fanout=1)        0.000   dot2/Mcount_cnt2_cy<7>
    SLICE_X75Y72.COUT    Tbyp                  0.128   dot2/cnt2<8>
                                                       dot2/Mcount_cnt2_cy<8>
                                                       dot2/Mcount_cnt2_cy<9>
    SLICE_X75Y73.CIN     net (fanout=1)        0.000   dot2/Mcount_cnt2_cy<9>
    SLICE_X75Y73.COUT    Tbyp                  0.128   dot2/cnt2<10>
                                                       dot2/Mcount_cnt2_cy<10>
                                                       dot2/Mcount_cnt2_cy<11>
    SLICE_X75Y74.CIN     net (fanout=1)        0.000   dot2/Mcount_cnt2_cy<11>
    SLICE_X75Y74.COUT    Tbyp                  0.128   dot2/cnt2<12>
                                                       dot2/Mcount_cnt2_cy<12>
                                                       dot2/Mcount_cnt2_cy<13>
    SLICE_X75Y75.CIN     net (fanout=1)        0.000   dot2/Mcount_cnt2_cy<13>
    SLICE_X75Y75.COUT    Tbyp                  0.128   dot2/cnt2<14>
                                                       dot2/Mcount_cnt2_cy<14>
                                                       dot2/Mcount_cnt2_cy<15>
    SLICE_X75Y76.CIN     net (fanout=1)        0.000   dot2/Mcount_cnt2_cy<15>
    SLICE_X75Y76.COUT    Tbyp                  0.128   dot2/cnt2<16>
                                                       dot2/Mcount_cnt2_cy<16>
                                                       dot2/Mcount_cnt2_cy<17>
    SLICE_X75Y77.CIN     net (fanout=1)        0.000   dot2/Mcount_cnt2_cy<17>
    SLICE_X75Y77.CLK     Tcinck                0.986   dot2/cnt2<18>
                                                       dot2/Mcount_cnt2_xor<18>
                                                       dot2/cnt2_18
    -------------------------------------------------  ---------------------------
    Total                                      9.691ns (5.693ns logic, 3.998ns route)
                                                       (58.7% logic, 41.3% route)

--------------------------------------------------------------------------------

Paths for end point dot2/cnt2_17 (SLICE_X75Y76.CIN), 679 paths
--------------------------------------------------------------------------------
Slack (setup path):     999990.127ns (requirement - (data path - clock path skew + uncertainty))
  Source:               dot2/cnt2_4 (FF)
  Destination:          dot2/cnt2_17 (FF)
  Requirement:          1000000.000ns
  Data Path Delay:      9.873ns (Levels of Logic = 17)
  Clock Path Skew:      0.000ns
  Source Clock:         clk_BUFGP rising at 0.000ns
  Destination Clock:    clk_BUFGP rising at 1000000.000ns
  Clock Uncertainty:    0.000ns

  Maximum Data Path: dot2/cnt2_4 to dot2/cnt2_17
    Location             Delay type         Delay(ns)  Physical Resource
                                                       Logical Resource(s)
    -------------------------------------------------  -------------------
    SLICE_X75Y70.XQ      Tcko                  0.720   dot2/cnt2<4>
                                                       dot2/cnt2_4
    SLICE_X74Y74.F1      net (fanout=3)        2.210   dot2/cnt2<4>
    SLICE_X74Y74.COUT    Topcyf                1.084   dot2/Mcompar_cnt2_cmp_ge0000_cy<5>
                                                       dot2/Mcompar_cnt2_cmp_ge0000_lut<4>
                                                       dot2/Mcompar_cnt2_cmp_ge0000_cy<4>
                                                       dot2/Mcompar_cnt2_cmp_ge0000_cy<5>
    SLICE_X74Y75.CIN     net (fanout=1)        0.000   dot2/Mcompar_cnt2_cmp_ge0000_cy<5>
    SLICE_X74Y75.COUT    Tbyp                  0.120   dot2/Mcompar_cnt2_cmp_ge0000_cy<7>
                                                       dot2/Mcompar_cnt2_cmp_ge0000_cy<6>
                                                       dot2/Mcompar_cnt2_cmp_ge0000_cy<7>
    SLICE_X74Y76.CIN     net (fanout=1)        0.000   dot2/Mcompar_cnt2_cmp_ge0000_cy<7>
    SLICE_X74Y76.COUT    Tbyp                  0.120   dot2/Mcompar_cnt2_cmp_ge0000_cy<9>
                                                       dot2/Mcompar_cnt2_cmp_ge0000_cy<8>
                                                       dot2/Mcompar_cnt2_cmp_ge0000_cy<9>
    SLICE_X74Y77.CIN     net (fanout=1)        0.000   dot2/Mcompar_cnt2_cmp_ge0000_cy<9>
    SLICE_X74Y77.COUT    Tbyp                  0.120   dot2/Mcompar_cnt2_cmp_ge0000_cy<11>
                                                       dot2/Mcompar_cnt2_cmp_ge0000_cy<10>
                                                       dot2/Mcompar_cnt2_cmp_ge0000_cy<11>
    SLICE_X74Y78.CIN     net (fanout=1)        0.000   dot2/Mcompar_cnt2_cmp_ge0000_cy<11>
    SLICE_X74Y78.COUT    Tbyp                  0.120   dot2/Mcompar_cnt2_cmp_ge0000_cy<13>
                                                       dot2/Mcompar_cnt2_cmp_ge0000_cy<12>
                                                       dot2/Mcompar_cnt2_cmp_ge0000_cy<13>
    SLICE_X74Y79.CIN     net (fanout=1)        0.000   dot2/Mcompar_cnt2_cmp_ge0000_cy<13>
    SLICE_X74Y79.COUT    Tbyp                  0.120   dot2/Mcompar_cnt2_cmp_ge0000_cy<15>
                                                       dot2/Mcompar_cnt2_cmp_ge0000_cy<14>
                                                       dot2/Mcompar_cnt2_cmp_ge0000_cy<15>
    SLICE_X74Y80.CIN     net (fanout=1)        0.000   dot2/Mcompar_cnt2_cmp_ge0000_cy<15>
    SLICE_X74Y80.COUT    Tbyp                  0.120   dot2/Mcompar_cnt2_cmp_ge0000_cy<17>
                                                       dot2/Mcompar_cnt2_cmp_ge0000_cy<16>
                                                       dot2/Mcompar_cnt2_cmp_ge0000_cy<17>
    SLICE_X74Y81.CIN     net (fanout=1)        0.000   dot2/Mcompar_cnt2_cmp_ge0000_cy<17>
    SLICE_X74Y81.COUT    Tbyp                  0.120   dot2/cnt2_cmp_ge0000
                                                       dot2/Mcompar_cnt2_cmp_ge0000_cy<18>
                                                       dot2/Mcompar_cnt2_cmp_ge0000_cy<19>
    SLICE_X75Y68.BX      net (fanout=21)       2.273   dot2/cnt2_cmp_ge0000
    SLICE_X75Y68.COUT    Tbxcy                 0.845   dot2/cnt2<0>
                                                       dot2/Mcount_cnt2_cy<0>
                                                       dot2/Mcount_cnt2_cy<1>
    SLICE_X75Y69.CIN     net (fanout=1)        0.000   dot2/Mcount_cnt2_cy<1>
    SLICE_X75Y69.COUT    Tbyp                  0.128   dot2/cnt2<2>
                                                       dot2/Mcount_cnt2_cy<2>
                                                       dot2/Mcount_cnt2_cy<3>
    SLICE_X75Y70.CIN     net (fanout=1)        0.000   dot2/Mcount_cnt2_cy<3>
    SLICE_X75Y70.COUT    Tbyp                  0.128   dot2/cnt2<4>
                                                       dot2/Mcount_cnt2_cy<4>
                                                       dot2/Mcount_cnt2_cy<5>
    SLICE_X75Y71.CIN     net (fanout=1)        0.000   dot2/Mcount_cnt2_cy<5>
    SLICE_X75Y71.COUT    Tbyp                  0.128   dot2/cnt2<6>
                                                       dot2/Mcount_cnt2_cy<6>
                                                       dot2/Mcount_cnt2_cy<7>
    SLICE_X75Y72.CIN     net (fanout=1)        0.000   dot2/Mcount_cnt2_cy<7>
    SLICE_X75Y72.COUT    Tbyp                  0.128   dot2/cnt2<8>
                                                       dot2/Mcount_cnt2_cy<8>
                                                       dot2/Mcount_cnt2_cy<9>
    SLICE_X75Y73.CIN     net (fanout=1)        0.000   dot2/Mcount_cnt2_cy<9>
    SLICE_X75Y73.COUT    Tbyp                  0.128   dot2/cnt2<10>
                                                       dot2/Mcount_cnt2_cy<10>
                                                       dot2/Mcount_cnt2_cy<11>
    SLICE_X75Y74.CIN     net (fanout=1)        0.000   dot2/Mcount_cnt2_cy<11>
    SLICE_X75Y74.COUT    Tbyp                  0.128   dot2/cnt2<12>
                                                       dot2/Mcount_cnt2_cy<12>
                                                       dot2/Mcount_cnt2_cy<13>
    SLICE_X75Y75.CIN     net (fanout=1)        0.000   dot2/Mcount_cnt2_cy<13>
    SLICE_X75Y75.COUT    Tbyp                  0.128   dot2/cnt2<14>
                                                       dot2/Mcount_cnt2_cy<14>
                                                       dot2/Mcount_cnt2_cy<15>
    SLICE_X75Y76.CIN     net (fanout=1)        0.000   dot2/Mcount_cnt2_cy<15>
    SLICE_X75Y76.CLK     Tcinck                1.005   dot2/cnt2<16>
                                                       dot2/Mcount_cnt2_cy<16>
                                                       dot2/Mcount_cnt2_xor<17>
                                                       dot2/cnt2_17
    -------------------------------------------------  ---------------------------
    Total                                      9.873ns (5.390ns logic, 4.483ns route)
                                                       (54.6% logic, 45.4% route)

--------------------------------------------------------------------------------
Slack (setup path):     999990.303ns (requirement - (data path - clock path skew + uncertainty))
  Source:               dot2/cnt2_4 (FF)
  Destination:          dot2/cnt2_17 (FF)
  Requirement:          1000000.000ns
  Data Path Delay:      9.697ns (Levels of Logic = 17)
  Clock Path Skew:      0.000ns
  Source Clock:         clk_BUFGP rising at 0.000ns
  Destination Clock:    clk_BUFGP rising at 1000000.000ns
  Clock Uncertainty:    0.000ns

  Maximum Data Path: dot2/cnt2_4 to dot2/cnt2_17
    Location             Delay type         Delay(ns)  Physical Resource
                                                       Logical Resource(s)
    -------------------------------------------------  -------------------
    SLICE_X75Y70.XQ      Tcko                  0.720   dot2/cnt2<4>
                                                       dot2/cnt2_4
    SLICE_X74Y74.F1      net (fanout=3)        2.210   dot2/cnt2<4>
    SLICE_X74Y74.COUT    Topcyf                0.908   dot2/Mcompar_cnt2_cmp_ge0000_cy<5>
                                                       dot2/Mcompar_cnt2_cmp_ge0000_cy<4>
                                                       dot2/Mcompar_cnt2_cmp_ge0000_cy<5>
    SLICE_X74Y75.CIN     net (fanout=1)        0.000   dot2/Mcompar_cnt2_cmp_ge0000_cy<5>
    SLICE_X74Y75.COUT    Tbyp                  0.120   dot2/Mcompar_cnt2_cmp_ge0000_cy<7>
                                                       dot2/Mcompar_cnt2_cmp_ge0000_cy<6>
                                                       dot2/Mcompar_cnt2_cmp_ge0000_cy<7>
    SLICE_X74Y76.CIN     net (fanout=1)        0.000   dot2/Mcompar_cnt2_cmp_ge0000_cy<7>
    SLICE_X74Y76.COUT    Tbyp                  0.120   dot2/Mcompar_cnt2_cmp_ge0000_cy<9>
                                                       dot2/Mcompar_cnt2_cmp_ge0000_cy<8>
                                                       dot2/Mcompar_cnt2_cmp_ge0000_cy<9>
    SLICE_X74Y77.CIN     net (fanout=1)        0.000   dot2/Mcompar_cnt2_cmp_ge0000_cy<9>
    SLICE_X74Y77.COUT    Tbyp                  0.120   dot2/Mcompar_cnt2_cmp_ge0000_cy<11>
                                                       dot2/Mcompar_cnt2_cmp_ge0000_cy<10>
                                                       dot2/Mcompar_cnt2_cmp_ge0000_cy<11>
    SLICE_X74Y78.CIN     net (fanout=1)        0.000   dot2/Mcompar_cnt2_cmp_ge0000_cy<11>
    SLICE_X74Y78.COUT    Tbyp                  0.120   dot2/Mcompar_cnt2_cmp_ge0000_cy<13>
                                                       dot2/Mcompar_cnt2_cmp_ge0000_cy<12>
                                                       dot2/Mcompar_cnt2_cmp_ge0000_cy<13>
    SLICE_X74Y79.CIN     net (fanout=1)        0.000   dot2/Mcompar_cnt2_cmp_ge0000_cy<13>
    SLICE_X74Y79.COUT    Tbyp                  0.120   dot2/Mcompar_cnt2_cmp_ge0000_cy<15>
                                                       dot2/Mcompar_cnt2_cmp_ge0000_cy<14>
                                                       dot2/Mcompar_cnt2_cmp_ge0000_cy<15>
    SLICE_X74Y80.CIN     net (fanout=1)        0.000   dot2/Mcompar_cnt2_cmp_ge0000_cy<15>
    SLICE_X74Y80.COUT    Tbyp                  0.120   dot2/Mcompar_cnt2_cmp_ge0000_cy<17>
                                                       dot2/Mcompar_cnt2_cmp_ge0000_cy<16>
                                                       dot2/Mcompar_cnt2_cmp_ge0000_cy<17>
    SLICE_X74Y81.CIN     net (fanout=1)        0.000   dot2/Mcompar_cnt2_cmp_ge0000_cy<17>
    SLICE_X74Y81.COUT    Tbyp                  0.120   dot2/cnt2_cmp_ge0000
                                                       dot2/Mcompar_cnt2_cmp_ge0000_cy<18>
                                                       dot2/Mcompar_cnt2_cmp_ge0000_cy<19>
    SLICE_X75Y68.BX      net (fanout=21)       2.273   dot2/cnt2_cmp_ge0000
    SLICE_X75Y68.COUT    Tbxcy                 0.845   dot2/cnt2<0>
                                                       dot2/Mcount_cnt2_cy<0>
                                                       dot2/Mcount_cnt2_cy<1>
    SLICE_X75Y69.CIN     net (fanout=1)        0.000   dot2/Mcount_cnt2_cy<1>
    SLICE_X75Y69.COUT    Tbyp                  0.128   dot2/cnt2<2>
                                                       dot2/Mcount_cnt2_cy<2>
                                                       dot2/Mcount_cnt2_cy<3>
    SLICE_X75Y70.CIN     net (fanout=1)        0.000   dot2/Mcount_cnt2_cy<3>
    SLICE_X75Y70.COUT    Tbyp                  0.128   dot2/cnt2<4>
                                                       dot2/Mcount_cnt2_cy<4>
                                                       dot2/Mcount_cnt2_cy<5>
    SLICE_X75Y71.CIN     net (fanout=1)        0.000   dot2/Mcount_cnt2_cy<5>
    SLICE_X75Y71.COUT    Tbyp                  0.128   dot2/cnt2<6>
                                                       dot2/Mcount_cnt2_cy<6>
                                                       dot2/Mcount_cnt2_cy<7>
    SLICE_X75Y72.CIN     net (fanout=1)        0.000   dot2/Mcount_cnt2_cy<7>
    SLICE_X75Y72.COUT    Tbyp                  0.128   dot2/cnt2<8>
                                                       dot2/Mcount_cnt2_cy<8>
                                                       dot2/Mcount_cnt2_cy<9>
    SLICE_X75Y73.CIN     net (fanout=1)        0.000   dot2/Mcount_cnt2_cy<9>
    SLICE_X75Y73.COUT    Tbyp                  0.128   dot2/cnt2<10>
                                                       dot2/Mcount_cnt2_cy<10>
                                                       dot2/Mcount_cnt2_cy<11>
    SLICE_X75Y74.CIN     net (fanout=1)        0.000   dot2/Mcount_cnt2_cy<11>
    SLICE_X75Y74.COUT    Tbyp                  0.128   dot2/cnt2<12>
                                                       dot2/Mcount_cnt2_cy<12>
                                                       dot2/Mcount_cnt2_cy<13>
    SLICE_X75Y75.CIN     net (fanout=1)        0.000   dot2/Mcount_cnt2_cy<13>
    SLICE_X75Y75.COUT    Tbyp                  0.128   dot2/cnt2<14>
                                                       dot2/Mcount_cnt2_cy<14>
                                                       dot2/Mcount_cnt2_cy<15>
    SLICE_X75Y76.CIN     net (fanout=1)        0.000   dot2/Mcount_cnt2_cy<15>
    SLICE_X75Y76.CLK     Tcinck                1.005   dot2/cnt2<16>
                                                       dot2/Mcount_cnt2_cy<16>
                                                       dot2/Mcount_cnt2_xor<17>
                                                       dot2/cnt2_17
    -------------------------------------------------  ---------------------------
    Total                                      9.697ns (5.214ns logic, 4.483ns route)
                                                       (53.8% logic, 46.2% route)

--------------------------------------------------------------------------------
Slack (setup path):     999990.418ns (requirement - (data path - clock path skew + uncertainty))
  Source:               dot2/cnt2_4 (FF)
  Destination:          dot2/cnt2_17 (FF)
  Requirement:          1000000.000ns
  Data Path Delay:      9.582ns (Levels of Logic = 17)
  Clock Path Skew:      0.000ns
  Source Clock:         clk_BUFGP rising at 0.000ns
  Destination Clock:    clk_BUFGP rising at 1000000.000ns
  Clock Uncertainty:    0.000ns

  Maximum Data Path: dot2/cnt2_4 to dot2/cnt2_17
    Location             Delay type         Delay(ns)  Physical Resource
                                                       Logical Resource(s)
    -------------------------------------------------  -------------------
    SLICE_X75Y70.XQ      Tcko                  0.720   dot2/cnt2<4>
                                                       dot2/cnt2_4
    SLICE_X74Y74.F1      net (fanout=3)        2.210   dot2/cnt2<4>
    SLICE_X74Y74.COUT    Topcyf                1.084   dot2/Mcompar_cnt2_cmp_ge0000_cy<5>
                                                       dot2/Mcompar_cnt2_cmp_ge0000_lut<4>
                                                       dot2/Mcompar_cnt2_cmp_ge0000_cy<4>
                                                       dot2/Mcompar_cnt2_cmp_ge0000_cy<5>
    SLICE_X74Y75.CIN     net (fanout=1)        0.000   dot2/Mcompar_cnt2_cmp_ge0000_cy<5>
    SLICE_X74Y75.COUT    Tbyp                  0.120   dot2/Mcompar_cnt2_cmp_ge0000_cy<7>
                                                       dot2/Mcompar_cnt2_cmp_ge0000_cy<6>
                                                       dot2/Mcompar_cnt2_cmp_ge0000_cy<7>
    SLICE_X74Y76.CIN     net (fanout=1)        0.000   dot2/Mcompar_cnt2_cmp_ge0000_cy<7>
    SLICE_X74Y76.COUT    Tbyp                  0.120   dot2/Mcompar_cnt2_cmp_ge0000_cy<9>
                                                       dot2/Mcompar_cnt2_cmp_ge0000_cy<8>
                                                       dot2/Mcompar_cnt2_cmp_ge0000_cy<9>
    SLICE_X74Y77.CIN     net (fanout=1)        0.000   dot2/Mcompar_cnt2_cmp_ge0000_cy<9>
    SLICE_X74Y77.COUT    Tbyp                  0.120   dot2/Mcompar_cnt2_cmp_ge0000_cy<11>
                                                       dot2/Mcompar_cnt2_cmp_ge0000_cy<10>
                                                       dot2/Mcompar_cnt2_cmp_ge0000_cy<11>
    SLICE_X74Y78.CIN     net (fanout=1)        0.000   dot2/Mcompar_cnt2_cmp_ge0000_cy<11>
    SLICE_X74Y78.COUT    Tbyp                  0.120   dot2/Mcompar_cnt2_cmp_ge0000_cy<13>
                                                       dot2/Mcompar_cnt2_cmp_ge0000_cy<12>
                                                       dot2/Mcompar_cnt2_cmp_ge0000_cy<13>
    SLICE_X74Y79.CIN     net (fanout=1)        0.000   dot2/Mcompar_cnt2_cmp_ge0000_cy<13>
    SLICE_X74Y79.COUT    Tbyp                  0.120   dot2/Mcompar_cnt2_cmp_ge0000_cy<15>
                                                       dot2/Mcompar_cnt2_cmp_ge0000_cy<14>
                                                       dot2/Mcompar_cnt2_cmp_ge0000_cy<15>
    SLICE_X74Y80.CIN     net (fanout=1)        0.000   dot2/Mcompar_cnt2_cmp_ge0000_cy<15>
    SLICE_X74Y80.COUT    Tbyp                  0.120   dot2/Mcompar_cnt2_cmp_ge0000_cy<17>
                                                       dot2/Mcompar_cnt2_cmp_ge0000_cy<16>
                                                       dot2/Mcompar_cnt2_cmp_ge0000_cy<17>
    SLICE_X74Y81.CIN     net (fanout=1)        0.000   dot2/Mcompar_cnt2_cmp_ge0000_cy<17>
    SLICE_X74Y81.COUT    Tbyp                  0.120   dot2/cnt2_cmp_ge0000
                                                       dot2/Mcompar_cnt2_cmp_ge0000_cy<18>
                                                       dot2/Mcompar_cnt2_cmp_ge0000_cy<19>
    SLICE_X75Y68.G2      net (fanout=21)       1.788   dot2/cnt2_cmp_ge0000
    SLICE_X75Y68.COUT    Topcyg                1.039   dot2/cnt2<0>
                                                       dot2/Mcount_cnt2_lut<1>
                                                       dot2/Mcount_cnt2_cy<1>
    SLICE_X75Y69.CIN     net (fanout=1)        0.000   dot2/Mcount_cnt2_cy<1>
    SLICE_X75Y69.COUT    Tbyp                  0.128   dot2/cnt2<2>
                                                       dot2/Mcount_cnt2_cy<2>
                                                       dot2/Mcount_cnt2_cy<3>
    SLICE_X75Y70.CIN     net (fanout=1)        0.000   dot2/Mcount_cnt2_cy<3>
    SLICE_X75Y70.COUT    Tbyp                  0.128   dot2/cnt2<4>
                                                       dot2/Mcount_cnt2_cy<4>
                                                       dot2/Mcount_cnt2_cy<5>
    SLICE_X75Y71.CIN     net (fanout=1)        0.000   dot2/Mcount_cnt2_cy<5>
    SLICE_X75Y71.COUT    Tbyp                  0.128   dot2/cnt2<6>
                                                       dot2/Mcount_cnt2_cy<6>
                                                       dot2/Mcount_cnt2_cy<7>
    SLICE_X75Y72.CIN     net (fanout=1)        0.000   dot2/Mcount_cnt2_cy<7>
    SLICE_X75Y72.COUT    Tbyp                  0.128   dot2/cnt2<8>
                                                       dot2/Mcount_cnt2_cy<8>
                                                       dot2/Mcount_cnt2_cy<9>
    SLICE_X75Y73.CIN     net (fanout=1)        0.000   dot2/Mcount_cnt2_cy<9>
    SLICE_X75Y73.COUT    Tbyp                  0.128   dot2/cnt2<10>
                                                       dot2/Mcount_cnt2_cy<10>
                                                       dot2/Mcount_cnt2_cy<11>
    SLICE_X75Y74.CIN     net (fanout=1)        0.000   dot2/Mcount_cnt2_cy<11>
    SLICE_X75Y74.COUT    Tbyp                  0.128   dot2/cnt2<12>
                                                       dot2/Mcount_cnt2_cy<12>
                                                       dot2/Mcount_cnt2_cy<13>
    SLICE_X75Y75.CIN     net (fanout=1)        0.000   dot2/Mcount_cnt2_cy<13>
    SLICE_X75Y75.COUT    Tbyp                  0.128   dot2/cnt2<14>
                                                       dot2/Mcount_cnt2_cy<14>
                                                       dot2/Mcount_cnt2_cy<15>
    SLICE_X75Y76.CIN     net (fanout=1)        0.000   dot2/Mcount_cnt2_cy<15>
    SLICE_X75Y76.CLK     Tcinck                1.005   dot2/cnt2<16>
                                                       dot2/Mcount_cnt2_cy<16>
                                                       dot2/Mcount_cnt2_xor<17>
                                                       dot2/cnt2_17
    -------------------------------------------------  ---------------------------
    Total                                      9.582ns (5.584ns logic, 3.998ns route)
                                                       (58.3% logic, 41.7% route)

--------------------------------------------------------------------------------

Hold Paths: ts_clk = PERIOD TIMEGRP "clk" 1000000 ns HIGH 50%;
--------------------------------------------------------------------------------

Paths for end point dot2/p_clk2 (SLICE_X74Y61.BY), 1 path
--------------------------------------------------------------------------------
Slack (hold path):      0.877ns (requirement - (clock path skew + uncertainty - data path))
  Source:               dot2/p_clk2 (FF)
  Destination:          dot2/p_clk2 (FF)
  Requirement:          0.000ns
  Data Path Delay:      0.877ns (Levels of Logic = 0)
  Clock Path Skew:      0.000ns
  Source Clock:         clk_BUFGP rising at 1000000.000ns
  Destination Clock:    clk_BUFGP rising at 1000000.000ns
  Clock Uncertainty:    0.000ns

  Minimum Data Path: dot2/p_clk2 to dot2/p_clk2
    Location             Delay type         Delay(ns)  Physical Resource
                                                       Logical Resource(s)
    -------------------------------------------------  -------------------
    SLICE_X74Y61.YQ      Tcko                  0.576   dot2/p_clk2
                                                       dot2/p_clk2
    SLICE_X74Y61.BY      net (fanout=2)        0.538   dot2/p_clk2
    SLICE_X74Y61.CLK     Tckdi       (-Th)     0.237   dot2/p_clk2
                                                       dot2/p_clk2
    -------------------------------------------------  ---------------------------
    Total                                      0.877ns (0.339ns logic, 0.538ns route)
                                                       (38.7% logic, 61.3% route)

--------------------------------------------------------------------------------

Paths for end point dot1/u0/clk_d (SLICE_X23Y37.BY), 1 path
--------------------------------------------------------------------------------
Slack (hold path):      0.878ns (requirement - (clock path skew + uncertainty - data path))
  Source:               dot1/u0/clk_d (FF)
  Destination:          dot1/u0/clk_d (FF)
  Requirement:          0.000ns
  Data Path Delay:      0.878ns (Levels of Logic = 0)
  Clock Path Skew:      0.000ns
  Source Clock:         clk_BUFGP rising at 1000000.000ns
  Destination Clock:    clk_BUFGP rising at 1000000.000ns
  Clock Uncertainty:    0.000ns

  Minimum Data Path: dot1/u0/clk_d to dot1/u0/clk_d
    Location             Delay type         Delay(ns)  Physical Resource
                                                       Logical Resource(s)
    -------------------------------------------------  -------------------
    SLICE_X23Y37.YQ      Tcko                  0.576   dot1/u0/clk_d
                                                       dot1/u0/clk_d
    SLICE_X23Y37.BY      net (fanout=3)        0.539   dot1/u0/clk_d
    SLICE_X23Y37.CLK     Tckdi       (-Th)     0.237   dot1/u0/clk_d
                                                       dot1/u0/clk_d
    -------------------------------------------------  ---------------------------
    Total                                      0.878ns (0.339ns logic, 0.539ns route)
                                                       (38.6% logic, 61.4% route)

--------------------------------------------------------------------------------

Paths for end point dot2/u0/clk_d (SLICE_X25Y48.BY), 1 path
--------------------------------------------------------------------------------
Slack (hold path):      0.878ns (requirement - (clock path skew + uncertainty - data path))
  Source:               dot2/u0/clk_d (FF)
  Destination:          dot2/u0/clk_d (FF)
  Requirement:          0.000ns
  Data Path Delay:      0.878ns (Levels of Logic = 0)
  Clock Path Skew:      0.000ns
  Source Clock:         clk_BUFGP rising at 1000000.000ns
  Destination Clock:    clk_BUFGP rising at 1000000.000ns
  Clock Uncertainty:    0.000ns

  Minimum Data Path: dot2/u0/clk_d to dot2/u0/clk_d
    Location             Delay type         Delay(ns)  Physical Resource
                                                       Logical Resource(s)
    -------------------------------------------------  -------------------
    SLICE_X25Y48.YQ      Tcko                  0.576   dot2/u0/clk_d
                                                       dot2/u0/clk_d
    SLICE_X25Y48.BY      net (fanout=3)        0.539   dot2/u0/clk_d
    SLICE_X25Y48.CLK     Tckdi       (-Th)     0.237   dot2/u0/clk_d
                                                       dot2/u0/clk_d
    -------------------------------------------------  ---------------------------
    Total                                      0.878ns (0.339ns logic, 0.539ns route)
                                                       (38.6% logic, 61.4% route)

--------------------------------------------------------------------------------

Component Switching Limit Checks: ts_clk = PERIOD TIMEGRP "clk" 1000000 ns HIGH 50%;
--------------------------------------------------------------------------------
Slack: 999998.274ns (period - (min low pulse limit / (low pulse / period)))
  Period: 1000000.000ns
  Low pulse: 500000.000ns
  Low pulse limit: 0.863ns (Trpw)
  Physical resource: dot1/p_clk2/SR
  Logical resource: dot1/p_clk2/SR
  Location pin: SLICE_X67Y29.SR
  Clock network: dot1/p_clk2_or0000
--------------------------------------------------------------------------------
Slack: 999998.274ns (period - (min high pulse limit / (high pulse / period)))
  Period: 1000000.000ns
  High pulse: 500000.000ns
  High pulse limit: 0.863ns (Trpw)
  Physical resource: dot1/p_clk2/SR
  Logical resource: dot1/p_clk2/SR
  Location pin: SLICE_X67Y29.SR
  Clock network: dot1/p_clk2_or0000
--------------------------------------------------------------------------------
Slack: 999998.274ns (period - (min low pulse limit / (low pulse / period)))
  Period: 1000000.000ns
  Low pulse: 500000.000ns
  Low pulse limit: 0.863ns (Trpw)
  Physical resource: dot2/p_clk2/SR
  Logical resource: dot2/p_clk2/SR
  Location pin: SLICE_X74Y61.SR
  Clock network: dot2/p_clk2_or0000
--------------------------------------------------------------------------------


All constraints were met.


Data Sheet report:
-----------------
All values displayed in nanoseconds (ns)

Clock to Setup on destination clock clk
---------------+---------+---------+---------+---------+
               | Src:Rise| Src:Fall| Src:Rise| Src:Fall|
Source Clock   |Dest:Rise|Dest:Rise|Dest:Fall|Dest:Fall|
---------------+---------+---------+---------+---------+
clk            |   10.001|         |         |         |
---------------+---------+---------+---------+---------+


Timing summary:
---------------

Timing errors: 0  Score: 0  (Setup/Max: 0, Hold: 0)

Constraints cover 73532 paths, 0 nets, and 1594 connections

Design statistics:
   Minimum period:  10.001ns{1}   (Maximum frequency:  99.990MHz)


------------------------------------Footnotes-----------------------------------
1)  The minimum period statistic assumes all single cycle delays.

Analysis completed Wed Apr 06 17:25:38 2016 
--------------------------------------------------------------------------------

Trace Settings:
-------------------------
Trace Settings 

Peak Memory Usage: 220 MB



