V3 140
FL C:/Users/RF/Desktop/7test/test6/bcd.vhd 2015/05/31.20:34:40 P.68d
FL C:/Users/RF/Desktop/7test/test6/dot3.vhd 2015/06/03.17:48:00 P.68d
FL C:/Users/RF/Desktop/7test/test6/dot_dis.vhd 2015/05/30.23:26:22 P.68d
FL C:/Users/RF/Desktop/7test/test6/kbd.vhd 2015/05/31.20:42:20 P.68d
FL C:/Users/RF/Desktop/7test/test6/main.vhd 2015/06/03.18:34:39 P.68d
FL C:/Users/RF/Desktop/7test/test6/motor.vhd 2015/05/31.17:46:18 P.68d
FL C:/Users/RF/Desktop/7test/test6/s7.vhd 2015/05/31.20:53:00 P.68d
FL C:/Users/RF/Desktop/7test/test6/song1.vhd 2015/06/03.17:48:00 P.68d
FL C:/Users/RF/Desktop/7test/test6/song2.vhd 2015/06/03.17:53:08 P.68d
FL "C:/Users/RF/Desktop/FPGA Rhythm game/rhythm_1p/bcd.vhd" 2015/05/31.20:34:40 P.68d
FL "C:/Users/RF/Desktop/FPGA Rhythm game/rhythm_1p/bubble_easy.vhd" 2015/06/10.13:29:34 P.68d
FL "C:/Users/RF/Desktop/FPGA Rhythm game/rhythm_1p/dot3.vhd" 2015/06/10.13:29:34 P.68d
FL "C:/Users/RF/Desktop/FPGA Rhythm game/rhythm_1p/dot_dis.vhd" 2015/05/30.23:26:22 P.68d
FL "C:/Users/RF/Desktop/FPGA Rhythm game/rhythm_1p/kbd.vhd" 2015/06/04.22:25:24 P.68d
FL "C:/Users/RF/Desktop/FPGA Rhythm game/rhythm_1p/main.vhd" 2015/06/06.21:12:02 P.68d
FL "C:/Users/RF/Desktop/FPGA Rhythm game/rhythm_1p/motor.vhd" 2015/05/31.17:46:18 P.68d
FL "C:/Users/RF/Desktop/FPGA Rhythm game/rhythm_1p/s7.vhd" 2015/06/06.19:42:07 P.68d
FL "C:/Users/RF/Desktop/FPGA Rhythm game/rhythm_1p/song1.vhd" 2015/06/10.13:29:34 P.68d
FL "C:/Users/RF/Desktop/FPGA Rhythm game/rhythm_1p/song2.vhd" 2015/06/10.13:29:34 P.68d
FL "C:/Users/RF/Desktop/FPGA Rhythm game/rhythm_1p/vfd.vhd" 2015/06/06.02:00:39 P.68d
FL C:/Users/RF/Desktop/sh/rythm_1p/bcd.vhd 2015/05/31.20:34:40 P.68d
FL C:/Users/RF/Desktop/sh/rythm_1p/bubble_easy.vhd 2015/06/06.21:12:02 P.68d
FL C:/Users/RF/Desktop/sh/rythm_1p/dot3.vhd 2015/06/06.21:12:02 P.68d
FL C:/Users/RF/Desktop/sh/rythm_1p/dot_dis.vhd 2015/05/30.23:26:22 P.68d
FL C:/Users/RF/Desktop/sh/rythm_1p/kbd.vhd 2015/06/04.22:25:24 P.68d
FL C:/Users/RF/Desktop/sh/rythm_1p/main.vhd 2015/06/06.21:12:02 P.68d
FL C:/Users/RF/Desktop/sh/rythm_1p/motor.vhd 2015/05/31.17:46:18 P.68d
FL C:/Users/RF/Desktop/sh/rythm_1p/s7.vhd 2015/06/06.19:42:07 P.68d
FL C:/Users/RF/Desktop/sh/rythm_1p/song1.vhd 2015/06/06.21:12:02 P.68d
FL C:/Users/RF/Desktop/sh/rythm_1p/song2.vhd 2015/06/06.21:12:02 P.68d
FL C:/Users/RF/Desktop/sh/rythm_1p/vfd.vhd 2015/06/06.02:00:39 P.68d
FL C:/Users/RF/Desktop/test9/bcd.vhd 2015/05/31.20:34:40 P.68d
FL C:/Users/RF/Desktop/test9/bubble_easy.vhd 2015/06/05.01:24:34 P.68d
FL C:/Users/RF/Desktop/test9/dot3.vhd 2015/06/06.03:16:17 P.68d
FL C:/Users/RF/Desktop/test9/dot_dis.vhd 2015/05/30.23:26:22 P.68d
FL C:/Users/RF/Desktop/test9/kbd.vhd 2015/06/04.22:25:24 P.68d
FL C:/Users/RF/Desktop/test9/main.vhd 2015/06/06.03:42:58 P.68d
FL C:/Users/RF/Desktop/test9/motor.vhd 2015/05/31.17:46:18 P.68d
FL C:/Users/RF/Desktop/test9/s7.vhd 2015/06/05.02:28:27 P.68d
FL C:/Users/RF/Desktop/test9/song1.vhd 2015/06/06.01:33:29 P.68d
FL C:/Users/RF/Desktop/test9/song2.vhd 2015/06/05.01:24:34 P.68d
FL C:/Users/RF/Desktop/test9/vfd.vhd 2015/06/06.02:00:39 P.68d
FL C:/Users/RF/Desktop/xilinx/completion/bcd.vhd 2015/05/31.20:34:40 P.68d
FL C:/Users/RF/Desktop/xilinx/completion/bubble_easy.vhd 2015/06/06.16:17:53 P.68d
FL C:/Users/RF/Desktop/xilinx/completion/dot3.vhd 2015/06/06.16:08:09 P.68d
FL C:/Users/RF/Desktop/xilinx/completion/dot_dis.vhd 2015/05/30.23:26:22 P.68d
FL C:/Users/RF/Desktop/xilinx/completion/kbd.vhd 2015/06/04.22:25:24 P.68d
FL C:/Users/RF/Desktop/xilinx/completion/main.vhd 2015/06/06.16:32:55 P.68d
FL C:/Users/RF/Desktop/xilinx/completion/motor.vhd 2015/05/31.17:46:18 P.68d
FL C:/Users/RF/Desktop/xilinx/completion/s7.vhd 2015/06/05.02:28:27 P.68d
FL C:/Users/RF/Desktop/xilinx/completion/song1.vhd 2015/06/06.16:08:09 P.68d
FL C:/Users/RF/Desktop/xilinx/completion/song2.vhd 2015/06/06.16:08:09 P.68d
FL C:/Users/RF/Desktop/xilinx/completion/vfd.vhd 2015/06/06.02:00:39 P.68d
FL C:/Users/RF/Desktop/xilinx/gogogogo/test7/bcd.vhd 2015/05/31.20:34:40 P.68d
FL C:/Users/RF/Desktop/xilinx/gogogogo/test7/dot3.vhd 2015/06/03.17:48:00 P.68d
FL C:/Users/RF/Desktop/xilinx/gogogogo/test7/dot_dis.vhd 2015/05/30.23:26:22 P.68d
FL C:/Users/RF/Desktop/xilinx/gogogogo/test7/kbd.vhd 2015/05/31.20:42:20 P.68d
FL C:/Users/RF/Desktop/xilinx/gogogogo/test7/main.vhd 2015/06/04.21:30:09 P.68d
FL C:/Users/RF/Desktop/xilinx/gogogogo/test7/motor.vhd 2015/05/31.17:46:18 P.68d
FL C:/Users/RF/Desktop/xilinx/gogogogo/test7/s7.vhd 2015/05/31.20:53:00 P.68d
FL C:/Users/RF/Desktop/xilinx/gogogogo/test7/song1.vhd 2015/06/03.17:48:00 P.68d
FL C:/Users/RF/Desktop/xilinx/gogogogo/test7/song2.vhd 2015/06/03.17:53:08 P.68d
FL C:/Users/RF/Desktop/xilinx/test1/dot_dis.vhd 2015/05/30.23:26:23 P.68d
FL C:/Users/RF/Desktop/xilinx/test1/main.vhd 2015/05/30.23:49:18 P.68d
FL C:/Users/RF/Desktop/xilinx/test1/song1.vhd 2015/05/30.23:56:53 P.68d
FL C:/Users/RF/Desktop/xilinx/test1/song2.vhd 2015/05/30.23:56:53 P.68d
FL C:/Users/RF/Desktop/xilinx/test2/dot_dis.vhd 2015/05/30.23:26:23 P.68d
FL C:/Users/RF/Desktop/xilinx/test2/main.vhd 2015/05/31.18:00:04 P.68d
FL C:/Users/RF/Desktop/xilinx/test2/motor.vhd 2015/05/31.17:46:19 P.68d
FL C:/Users/RF/Desktop/xilinx/test2/song1.vhd 2015/05/31.19:17:45 P.68d
FL C:/Users/RF/Desktop/xilinx/test2/song2.vhd 2015/05/31.19:25:07 P.68d
FL C:/Users/RF/Desktop/xilinx/test3/bcd.vhd 2015/05/31.20:34:40 P.68d
FL C:/Users/RF/Desktop/xilinx/test3/dot_dis.vhd 2015/05/30.23:26:23 P.68d
FL C:/Users/RF/Desktop/xilinx/test3/kbd.vhd 2015/05/31.20:42:21 P.68d
FL C:/Users/RF/Desktop/xilinx/test3/main.vhd 2015/05/31.20:43:22 P.68d
FL C:/Users/RF/Desktop/xilinx/test3/motor.vhd 2015/05/31.17:46:19 P.68d
FL C:/Users/RF/Desktop/xilinx/test3/s7.vhd 2015/05/31.20:53:00 P.68d
FL C:/Users/RF/Desktop/xilinx/test3/song1.vhd 2015/05/31.23:23:50 P.68d
FL C:/Users/RF/Desktop/xilinx/test3/song2.vhd 2015/05/31.21:27:24 P.68d
FL C:/Users/RF/Desktop/xilinx/test5/bcd.vhd 2015/05/31.20:34:40 P.68d
FL C:/Users/RF/Desktop/xilinx/test5/dot_dis.vhd 2015/05/30.23:26:23 P.68d
FL C:/Users/RF/Desktop/xilinx/test5/kbd.vhd 2015/05/31.20:42:21 P.68d
FL C:/Users/RF/Desktop/xilinx/test5/main.vhd 2015/06/01.16:43:38 P.68d
FL C:/Users/RF/Desktop/xilinx/test5/motor.vhd 2015/05/31.17:46:19 P.68d
FL C:/Users/RF/Desktop/xilinx/test5/s7.vhd 2015/05/31.20:53:00 P.68d
FL C:/Users/RF/Desktop/xilinx/test5/song1.vhd 2015/05/31.23:23:50 P.68d
FL C:/Users/RF/Desktop/xilinx/test5/song2.vhd 2015/06/03.11:50:23 P.68d
FL C:/Users/RF/Desktop/xilinx/test8/bcd.vhd 2015/05/31.20:34:40 P.68d
FL C:/Users/RF/Desktop/xilinx/test8/bubble_easy.vhd 2015/06/05.01:24:34 P.68d
FL C:/Users/RF/Desktop/xilinx/test8/dot3.vhd 2015/06/05.01:24:34 P.68d
FL C:/Users/RF/Desktop/xilinx/test8/dot_dis.vhd 2015/05/30.23:26:22 P.68d
FL C:/Users/RF/Desktop/xilinx/test8/kbd.vhd 2015/06/04.22:25:24 P.68d
FL C:/Users/RF/Desktop/xilinx/test8/main.vhd 2015/06/05.02:18:40 P.68d
FL C:/Users/RF/Desktop/xilinx/test8/motor.vhd 2015/05/31.17:46:18 P.68d
FL C:/Users/RF/Desktop/xilinx/test8/s7.vhd 2015/06/05.02:28:27 P.68d
FL C:/Users/RF/Desktop/xilinx/test8/song1.vhd 2015/06/05.01:24:34 P.68d
FL C:/Users/RF/Desktop/xilinx/test8/song2.vhd 2015/06/05.01:24:34 P.68d
FL "C:/Users/RF/Desktop/Zilinx Rhythm game/rhythm_1p/bcd.vhd" 2015/05/31.20:34:40 P.68d
EN work/bcd 1459930674 \
      FL "C:/Users/RF/Desktop/Zilinx Rhythm game/rhythm_1p/bcd.vhd" \
      PB ieee/std_logic_1164 1370735607
AR work/bcd/Behavioral 1459930675 \
      FL "C:/Users/RF/Desktop/Zilinx Rhythm game/rhythm_1p/bcd.vhd" EN work/bcd 1459930674
FL "C:/Users/RF/Desktop/Zilinx Rhythm game/rhythm_1p/bubble_easy.vhd" 2015/06/10.13:29:34 P.68d
EN work/bubble_easy 1459930684 \
      FL "C:/Users/RF/Desktop/Zilinx Rhythm game/rhythm_1p/bubble_easy.vhd" \
      PB ieee/std_logic_1164 1370735607
AR work/bubble_easy/a 1459930685 \
      FL "C:/Users/RF/Desktop/Zilinx Rhythm game/rhythm_1p/bubble_easy.vhd" \
      EN work/bubble_easy 1459930684 CP dot_dis
FL "C:/Users/RF/Desktop/Zilinx Rhythm game/rhythm_1p/dot3.vhd" 2015/06/10.13:29:34 P.68d
EN work/mario_hard 1459930678 \
      FL "C:/Users/RF/Desktop/Zilinx Rhythm game/rhythm_1p/dot3.vhd" \
      PB ieee/std_logic_1164 1370735607
AR work/mario_hard/a 1459930679 \
      FL "C:/Users/RF/Desktop/Zilinx Rhythm game/rhythm_1p/dot3.vhd" \
      EN work/mario_hard 1459930678 CP dot_dis
FL "C:/Users/RF/Desktop/Zilinx Rhythm game/rhythm_1p/dot_dis.vhd" 2015/05/30.23:26:22 P.68d
EN work/dot_dis 1459930676 \
      FL "C:/Users/RF/Desktop/Zilinx Rhythm game/rhythm_1p/dot_dis.vhd" \
      PB ieee/std_logic_1164 1370735607
AR work/dot_dis/a 1459930677 \
      FL "C:/Users/RF/Desktop/Zilinx Rhythm game/rhythm_1p/dot_dis.vhd" \
      EN work/dot_dis 1459930676
FL "C:/Users/RF/Desktop/Zilinx Rhythm game/rhythm_1p/kbd.vhd" 2015/06/04.22:25:24 P.68d
EN work/kbd 1459930690 \
      FL "C:/Users/RF/Desktop/Zilinx Rhythm game/rhythm_1p/kbd.vhd" \
      PB ieee/std_logic_1164 1370735607
AR work/kbd/Behavioral 1459930691 \
      FL "C:/Users/RF/Desktop/Zilinx Rhythm game/rhythm_1p/kbd.vhd" EN work/kbd 1459930690
FL "C:/Users/RF/Desktop/Zilinx Rhythm game/rhythm_1p/main.vhd" 2015/06/13.17:42:32 P.68d
EN work/main 1459930694 \
      FL "C:/Users/RF/Desktop/Zilinx Rhythm game/rhythm_1p/main.vhd" \
      PB ieee/std_logic_1164 1370735607 PB ieee/STD_LOGIC_UNSIGNED 1370735609
AR work/main/Behavioral 1459930695 \
      FL "C:/Users/RF/Desktop/Zilinx Rhythm game/rhythm_1p/main.vhd" EN work/main 1459930694 \
      CP mario_hard CP bubble_hard CP mario_easy CP bubble_easy CP motor CP s7 CP kbd \
      CP vfd
FL "C:/Users/RF/Desktop/Zilinx Rhythm game/rhythm_1p/motor.vhd" 2015/05/31.17:46:18 P.68d
EN work/motor 1459930686 \
      FL "C:/Users/RF/Desktop/Zilinx Rhythm game/rhythm_1p/motor.vhd" \
      PB ieee/std_logic_1164 1370735607
AR work/motor/Behavioral 1459930687 \
      FL "C:/Users/RF/Desktop/Zilinx Rhythm game/rhythm_1p/motor.vhd" \
      EN work/motor 1459930686
FL "C:/Users/RF/Desktop/Zilinx Rhythm game/rhythm_1p/s7.vhd" 2015/06/06.19:42:07 P.68d
EN work/s7 1459930688 \
      FL "C:/Users/RF/Desktop/Zilinx Rhythm game/rhythm_1p/s7.vhd" \
      PB ieee/std_logic_1164 1370735607
AR work/s7/Behavioral 1459930689 \
      FL "C:/Users/RF/Desktop/Zilinx Rhythm game/rhythm_1p/s7.vhd" EN work/s7 1459930688 \
      CP bcd
FL "C:/Users/RF/Desktop/Zilinx Rhythm game/rhythm_1p/song1.vhd" 2015/06/10.13:29:34 P.68d
EN work/mario_easy 1459930682 \
      FL "C:/Users/RF/Desktop/Zilinx Rhythm game/rhythm_1p/song1.vhd" \
      PB ieee/std_logic_1164 1370735607
AR work/mario_easy/a 1459930683 \
      FL "C:/Users/RF/Desktop/Zilinx Rhythm game/rhythm_1p/song1.vhd" \
      EN work/mario_easy 1459930682 CP dot_dis
FL "C:/Users/RF/Desktop/Zilinx Rhythm game/rhythm_1p/song2.vhd" 2015/06/10.13:29:34 P.68d
EN work/bubble_hard 1459930680 \
      FL "C:/Users/RF/Desktop/Zilinx Rhythm game/rhythm_1p/song2.vhd" \
      PB ieee/std_logic_1164 1370735607
AR work/bubble_hard/a 1459930681 \
      FL "C:/Users/RF/Desktop/Zilinx Rhythm game/rhythm_1p/song2.vhd" \
      EN work/bubble_hard 1459930680 CP dot_dis
FL "C:/Users/RF/Desktop/Zilinx Rhythm game/rhythm_1p/vfd.vhd" 2015/06/13.17:42:32 P.68d
EN work/vfd 1459930692 \
      FL "C:/Users/RF/Desktop/Zilinx Rhythm game/rhythm_1p/vfd.vhd" \
      PB ieee/std_logic_1164 1370735607 PB ieee/STD_LOGIC_UNSIGNED 1370735609
AR work/vfd/Behavioral 1459930693 \
      FL "C:/Users/RF/Desktop/Zilinx Rhythm game/rhythm_1p/vfd.vhd" EN work/vfd 1459930692
